[INFO] Scanning for projects...
[WARNING] 
[WARNING] Some problems were encountered while building the effective model for pe.com.farmaciadey:auth:jar:0.0.1
[WARNING] 'dependencies.dependency.(groupId:artifactId:type:classifier)' must be unique: org.springframework.boot:spring-boot-starter-test:jar -> duplicate declaration of version (?) @ line 101, column 15
[WARNING] 'dependencies.dependency.(groupId:artifactId:type:classifier)' must be unique: com.h2database:h2:jar -> duplicate declaration of version (?) @ line 123, column 15
[WARNING] 
[WARNING] Some problems were encountered while building the effective model for pe.com.farmaciadey:metodopago:jar:0.0.1
[WARNING] 'dependencies.dependency.(groupId:artifactId:type:classifier)' must be unique: org.springframework.boot:spring-boot-starter-test:jar -> duplicate declaration of version (?) @ line 85, column 21
[WARNING] 'dependencies.dependency.(groupId:artifactId:type:classifier)' must be unique: com.h2database:h2:jar -> duplicate declaration of version (?) @ line 107, column 15
[WARNING] 
[WARNING] Some problems were encountered while building the effective model for pe.com.farmaciadey:producto:jar:0.0.1
[WARNING] 'dependencies.dependency.(groupId:artifactId:type:classifier)' must be unique: org.springframework.boot:spring-boot-starter-test:jar -> duplicate declaration of version (?) @ line 85, column 19
[WARNING] 'dependencies.dependency.(groupId:artifactId:type:classifier)' must be unique: com.h2database:h2:jar -> duplicate declaration of version (?) @ line 107, column 15
[WARNING] 
[WARNING] Some problems were encountered while building the effective model for pe.com.farmaciadey:usuario:jar:0.0.1
[WARNING] 'dependencies.dependency.(groupId:artifactId:type:classifier)' must be unique: org.springframework.boot:spring-boot-starter-test:jar -> duplicate declaration of version (?) @ line 90, column 15
[WARNING] 'dependencies.dependency.(groupId:artifactId:type:classifier)' must be unique: com.h2database:h2:jar -> duplicate declaration of version (?) @ line 112, column 15
[WARNING] 
[WARNING] It is highly recommended to fix these problems because they threaten the stability of your build.
[WARNING] 
[WARNING] For this reason, future Maven versions might no longer support building such malformed projects.
[WARNING] 
[INFO] 
[INFO] ----------------------< pe.com.farmaciadey:auth >-----------------------
[INFO] Building auth 0.0.1
[INFO]   from pom.xml
[INFO] --------------------------------[ jar ]---------------------------------
[INFO] 
[INFO] >>> spring-boot:3.5.6:run (default-cli) > test-compile @ auth >>>
[INFO] 
[INFO] --- jacoco:0.8.12:prepare-agent (default) @ auth ---
[INFO] argLine set to "-javaagent:/Users/pablohuerta/.m2/repository/org/jacoco/org.jacoco.agent/0.8.12/org.jacoco.agent-0.8.12-runtime.jar=destfile=/Users/pablohuerta/Documents/UTP/Ciclo_09/Integrador II/services-farmacia/farmaciadeyparent/businessdomain/auth/target/jacoco.exec"
[INFO] 
[INFO] --- resources:3.3.1:resources (default-resources) @ auth ---
[INFO] Copying 5 resources from src/main/resources to target/classes
[INFO] 
[INFO] --- compiler:3.13.0:compile (default-compile) @ auth ---
[INFO] Nothing to compile - all classes are up to date.
[INFO] 
[INFO] --- resources:3.3.1:testResources (default-testResources) @ auth ---
[INFO] Copying 1 resource from src/test/resources to target/test-classes
[INFO] 
[INFO] --- compiler:3.13.0:testCompile (default-testCompile) @ auth ---
[INFO] Nothing to compile - all classes are up to date.
[INFO] 
[INFO] <<< spring-boot:3.5.6:run (default-cli) < test-compile @ auth <<<
[INFO] 
[INFO] 
[INFO] --- spring-boot:3.5.6:run (default-cli) @ auth ---
[INFO] Attaching agents: []

  .   ____          _            __ _ _
 /\\ / ___'_ __ _ _(_)_ __  __ _ \ \ \ \
( ( )\___ | '_ | '_| | '_ \/ _` | \ \ \ \
 \\/  ___)| |_)| | | | | || (_| |  ) ) ) )
  '  |____| .__|_| |_|_| |_\__, | / / / /
 =========|_|==============|___/=/_/_/_/

 :: Spring Boot ::                (v3.5.6)

2025-10-29T14:55:42.527-05:00  INFO 76535 --- [businessdomain-auth] [           main] p.com.farmaciadey.auth.AuthApplication   : Starting AuthApplication using Java 21.0.7 with PID 76535 (/Users/pablohuerta/Documents/UTP/Ciclo_09/Integrador II/services-farmacia/farmaciadeyparent/businessdomain/auth/target/classes started by pablohuerta in /Users/pablohuerta/Documents/UTP/Ciclo_09/Integrador II/services-farmacia/farmaciadeyparent/businessdomain/auth)
2025-10-29T14:55:42.528-05:00  INFO 76535 --- [businessdomain-auth] [           main] p.com.farmaciadey.auth.AuthApplication   : The following 1 profile is active: "local"
2025-10-29T14:55:42.986-05:00  INFO 76535 --- [businessdomain-auth] [           main] .s.d.r.c.RepositoryConfigurationDelegate : Bootstrapping Spring Data JPA repositories in DEFAULT mode.
2025-10-29T14:55:43.023-05:00  INFO 76535 --- [businessdomain-auth] [           main] .s.d.r.c.RepositoryConfigurationDelegate : Finished Spring Data repository scanning in 30 ms. Found 1 JPA repository interface.
2025-10-29T14:55:43.291-05:00  INFO 76535 --- [businessdomain-auth] [           main] o.s.b.w.embedded.tomcat.TomcatWebServer  : Tomcat initialized with port 7011 (http)
2025-10-29T14:55:43.298-05:00  INFO 76535 --- [businessdomain-auth] [           main] o.apache.catalina.core.StandardService   : Starting service [Tomcat]
2025-10-29T14:55:43.298-05:00  INFO 76535 --- [businessdomain-auth] [           main] o.apache.catalina.core.StandardEngine    : Starting Servlet engine: [Apache Tomcat/10.1.46]
2025-10-29T14:55:43.322-05:00  INFO 76535 --- [businessdomain-auth] [           main] o.a.c.c.C.[Tomcat].[localhost].[/auth]   : Initializing Spring embedded WebApplicationContext
2025-10-29T14:55:43.322-05:00  INFO 76535 --- [businessdomain-auth] [           main] w.s.c.ServletWebServerApplicationContext : Root WebApplicationContext: initialization completed in 780 ms
2025-10-29T14:55:43.447-05:00  INFO 76535 --- [businessdomain-auth] [           main] o.hibernate.jpa.internal.util.LogHelper  : HHH000204: Processing PersistenceUnitInfo [name: default]
2025-10-29T14:55:43.484-05:00  INFO 76535 --- [businessdomain-auth] [           main] org.hibernate.Version                    : HHH000412: Hibernate ORM core version 6.6.29.Final
2025-10-29T14:55:43.507-05:00  INFO 76535 --- [businessdomain-auth] [           main] o.h.c.internal.RegionFactoryInitiator    : HHH000026: Second-level cache disabled
2025-10-29T14:55:43.717-05:00  INFO 76535 --- [businessdomain-auth] [           main] o.s.o.j.p.SpringPersistenceUnitInfo      : No LoadTimeWeaver setup: ignoring JPA class transformer
2025-10-29T14:55:43.730-05:00  INFO 76535 --- [businessdomain-auth] [           main] com.zaxxer.hikari.HikariDataSource       : HikariPool-1 - Starting...
2025-10-29T14:55:43.976-05:00  INFO 76535 --- [businessdomain-auth] [           main] com.zaxxer.hikari.pool.HikariPool        : HikariPool-1 - Added connection com.mysql.cj.jdbc.ConnectionImpl@6a0c7af6
2025-10-29T14:55:43.976-05:00  INFO 76535 --- [businessdomain-auth] [           main] com.zaxxer.hikari.HikariDataSource       : HikariPool-1 - Start completed.
2025-10-29T14:55:44.056-05:00  WARN 76535 --- [businessdomain-auth] [           main] org.hibernate.orm.deprecation            : HHH90000025: MySQL8Dialect does not need to be specified explicitly using 'hibernate.dialect' (remove the property setting and it will be selected by default)
2025-10-29T14:55:44.057-05:00  WARN 76535 --- [businessdomain-auth] [           main] org.hibernate.orm.deprecation            : HHH90000026: MySQL8Dialect has been deprecated; use org.hibernate.dialect.MySQLDialect instead
2025-10-29T14:55:44.064-05:00  INFO 76535 --- [businessdomain-auth] [           main] org.hibernate.orm.connections.pooling    : HHH10001005: Database info:
	Database JDBC URL [Connecting through datasource 'HikariDataSource (HikariPool-1)']
	Database driver: undefined/unknown
	Database version: 8.0
	Autocommit mode: undefined/unknown
	Isolation level: undefined/unknown
	Minimum pool size: undefined/unknown
	Maximum pool size: undefined/unknown
2025-10-29T14:55:44.458-05:00  INFO 76535 --- [businessdomain-auth] [           main] o.h.e.t.j.p.i.JtaPlatformInitiator       : HHH000489: No JTA platform available (set 'hibernate.transaction.jta.platform' to enable JTA platform integration)
2025-10-29T14:55:44.510-05:00  INFO 76535 --- [businessdomain-auth] [           main] j.LocalContainerEntityManagerFactoryBean : Initialized JPA EntityManagerFactory for persistence unit 'default'
2025-10-29T14:55:44.755-05:00  INFO 76535 --- [businessdomain-auth] [           main] r$InitializeUserDetailsManagerConfigurer : Global AuthenticationManager configured with UserDetailsService bean with name customUserDetailsService
2025-10-29T14:55:44.977-05:00  INFO 76535 --- [businessdomain-auth] [           main] o.s.b.a.e.web.EndpointLinksResolver      : Exposing 13 endpoints beneath base path '/actuator'
2025-10-29T14:55:45.269-05:00  INFO 76535 --- [businessdomain-auth] [           main] o.s.b.w.embedded.tomcat.TomcatWebServer  : Tomcat started on port 7011 (http) with context path '/auth'
2025-10-29T14:55:45.278-05:00  INFO 76535 --- [businessdomain-auth] [           main] p.com.farmaciadey.auth.AuthApplication   : Started AuthApplication in 2.915 seconds (process running for 3.055)
Hibernate: select ui1_0.id,ui1_0.apellidos,ui1_0.direccion,ui1_0.eliminado,ui1_0.email,ui1_0.identificacion,ui1_0.nombres,ui1_0.password,ui1_0.rol,ui1_0.telefono,ui1_0.username from Usuario ui1_0 where ui1_0.username=?
Hibernate: insert into Usuario (apellidos,direccion,eliminado,email,identificacion,nombres,password,rol,telefono,username) values (?,?,?,?,?,?,?,?,?,?)
✅ Usuario de prueba creado: test1/test1
Hibernate: select ui1_0.id,ui1_0.apellidos,ui1_0.direccion,ui1_0.eliminado,ui1_0.email,ui1_0.identificacion,ui1_0.nombres,ui1_0.password,ui1_0.rol,ui1_0.telefono,ui1_0.username from Usuario ui1_0 where ui1_0.username=?
2025-10-29T15:01:46.655-05:00  INFO 76535 --- [businessdomain-auth] [nio-7011-exec-3] o.a.c.c.C.[Tomcat].[localhost].[/auth]   : Initializing Spring DispatcherServlet 'dispatcherServlet'
2025-10-29T15:01:46.673-05:00  INFO 76535 --- [businessdomain-auth] [nio-7011-exec-3] o.s.web.servlet.DispatcherServlet        : Initializing Servlet 'dispatcherServlet'
2025-10-29T15:01:46.776-05:00  INFO 76535 --- [businessdomain-auth] [nio-7011-exec-3] o.s.web.servlet.DispatcherServlet        : Completed initialization in 101 ms
Hibernate: select ui1_0.id,ui1_0.apellidos,ui1_0.direccion,ui1_0.eliminado,ui1_0.email,ui1_0.identificacion,ui1_0.nombres,ui1_0.password,ui1_0.rol,ui1_0.telefono,ui1_0.username from Usuario ui1_0 where ui1_0.username=?
