[INFO] Scanning for projects...
[WARNING] 
[WARNING] Some problems were encountered while building the effective model for pe.com.farmaciadey:auth:jar:0.0.1
[WARNING] 'dependencies.dependency.(groupId:artifactId:type:classifier)' must be unique: org.springframework.boot:spring-boot-starter-test:jar -> duplicate declaration of version (?) @ line 101, column 15
[WARNING] 'dependencies.dependency.(groupId:artifactId:type:classifier)' must be unique: com.h2database:h2:jar -> duplicate declaration of version (?) @ line 123, column 15
[WARNING] 
[WARNING] Some problems were encountered while building the effective model for pe.com.farmaciadey:metodopago:jar:0.0.1
[WARNING] 'dependencies.dependency.(groupId:artifactId:type:classifier)' must be unique: org.springframework.boot:spring-boot-starter-test:jar -> duplicate declaration of version (?) @ line 85, column 21
[WARNING] 'dependencies.dependency.(groupId:artifactId:type:classifier)' must be unique: com.h2database:h2:jar -> duplicate declaration of version (?) @ line 107, column 15
[WARNING] 
[WARNING] Some problems were encountered while building the effective model for pe.com.farmaciadey:producto:jar:0.0.1
[WARNING] 'dependencies.dependency.(groupId:artifactId:type:classifier)' must be unique: org.springframework.boot:spring-boot-starter-test:jar -> duplicate declaration of version (?) @ line 85, column 19
[WARNING] 'dependencies.dependency.(groupId:artifactId:type:classifier)' must be unique: com.h2database:h2:jar -> duplicate declaration of version (?) @ line 107, column 15
[WARNING] 
[WARNING] Some problems were encountered while building the effective model for pe.com.farmaciadey:usuario:jar:0.0.1
[WARNING] 'dependencies.dependency.(groupId:artifactId:type:classifier)' must be unique: org.springframework.boot:spring-boot-starter-test:jar -> duplicate declaration of version (?) @ line 90, column 15
[WARNING] 'dependencies.dependency.(groupId:artifactId:type:classifier)' must be unique: com.h2database:h2:jar -> duplicate declaration of version (?) @ line 112, column 15
[WARNING] 
[WARNING] It is highly recommended to fix these problems because they threaten the stability of your build.
[WARNING] 
[WARNING] For this reason, future Maven versions might no longer support building such malformed projects.
[WARNING] 
[INFO] 
[INFO] ---------------------< pe.com.farmaciadey:compra >----------------------
[INFO] Building compra 0.0.1
[INFO]   from pom.xml
[INFO] --------------------------------[ jar ]---------------------------------
[INFO] 
[INFO] >>> spring-boot:3.3.4:run (default-cli) > test-compile @ compra >>>
[WARNING] The artifact mysql:mysql-connector-java:jar:8.0.33 has been relocated to com.mysql:mysql-connector-j:jar:8.0.33: MySQL Connector/J artifacts moved to reverse-DNS compliant Maven 2+ coordinates.
[INFO] 
[INFO] --- jacoco:0.8.12:prepare-agent (default) @ compra ---
[INFO] argLine set to "-javaagent:/Users/pablohuerta/.m2/repository/org/jacoco/org.jacoco.agent/0.8.12/org.jacoco.agent-0.8.12-runtime.jar=destfile=/Users/pablohuerta/Documents/UTP/Ciclo_09/Integrador II/services-farmacia/farmaciadeyparent/businessdomain/compra/target/jacoco.exec"
[INFO] 
[INFO] --- resources:3.3.1:resources (default-resources) @ compra ---
[INFO] Copying 3 resources from src/main/resources to target/classes
[INFO] Copying 0 resource from src/main/resources to target/classes
[INFO] 
[INFO] --- compiler:3.13.0:compile (default-compile) @ compra ---
[INFO] Nothing to compile - all classes are up to date.
[INFO] 
[INFO] --- resources:3.3.1:testResources (default-testResources) @ compra ---
[INFO] Copying 1 resource from src/test/resources to target/test-classes
[INFO] 
[INFO] --- compiler:3.13.0:testCompile (default-testCompile) @ compra ---
[INFO] Recompiling the module because of changed source code.
[INFO] Compiling 13 source files with javac [debug parameters release 21] to target/test-classes
[INFO] Annotation processing is enabled because one or more processors were found
  on the class path. A future release of javac may disable annotation processing
  unless at least one processor is specified by name (-processor), or a search
  path is specified (--processor-path, --processor-module-path), or annotation
  processing is enabled explicitly (-proc:only, -proc:full).
  Use -Xlint:-options to suppress this message.
  Use -proc:none to disable annotation processing.
[INFO] /Users/pablohuerta/Documents/UTP/Ciclo_09/Integrador II/services-farmacia/farmaciadeyparent/businessdomain/compra/src/test/java/pe/com/farmaciadey/compra/services/CompraIntegrationServiceTest.java: /Users/pablohuerta/Documents/UTP/Ciclo_09/Integrador II/services-farmacia/farmaciadeyparent/businessdomain/compra/src/test/java/pe/com/farmaciadey/compra/services/CompraIntegrationServiceTest.java uses unchecked or unsafe operations.
[INFO] /Users/pablohuerta/Documents/UTP/Ciclo_09/Integrador II/services-farmacia/farmaciadeyparent/businessdomain/compra/src/test/java/pe/com/farmaciadey/compra/services/CompraIntegrationServiceTest.java: Recompile with -Xlint:unchecked for details.
[INFO] 
[INFO] <<< spring-boot:3.3.4:run (default-cli) < test-compile @ compra <<<
[INFO] 
[INFO] 
[INFO] --- spring-boot:3.3.4:run (default-cli) @ compra ---
[INFO] Attaching agents: []

  .   ____          _            __ _ _
 /\\ / ___'_ __ _ _(_)_ __  __ _ \ \ \ \
( ( )\___ | '_ | '_| | '_ \/ _` | \ \ \ \
 \\/  ___)| |_)| | | | | || (_| |  ) ) ) )
  '  |____| .__|_| |_|_| |_\__, | / / / /
 =========|_|==============|___/=/_/_/_/

 :: Spring Boot ::                (v3.3.4)

2025-10-29T14:59:47.014-05:00  INFO 77607 --- [businessdomain-compra] [           main] p.c.f.compra.CompraApplication           : Starting CompraApplication using Java 21.0.7 with PID 77607 (/Users/pablohuerta/Documents/UTP/Ciclo_09/Integrador II/services-farmacia/farmaciadeyparent/businessdomain/compra/target/classes started by pablohuerta in /Users/pablohuerta/Documents/UTP/Ciclo_09/Integrador II/services-farmacia/farmaciadeyparent/businessdomain/compra)
2025-10-29T14:59:47.015-05:00  INFO 77607 --- [businessdomain-compra] [           main] p.c.f.compra.CompraApplication           : The following 1 profile is active: "local"
2025-10-29T14:59:47.376-05:00  INFO 77607 --- [businessdomain-compra] [           main] .s.d.r.c.RepositoryConfigurationDelegate : Bootstrapping Spring Data JPA repositories in DEFAULT mode.
2025-10-29T14:59:47.442-05:00  INFO 77607 --- [businessdomain-compra] [           main] .s.d.r.c.RepositoryConfigurationDelegate : Finished Spring Data repository scanning in 61 ms. Found 2 JPA repository interfaces.
2025-10-29T14:59:47.751-05:00  INFO 77607 --- [businessdomain-compra] [           main] o.s.b.w.embedded.tomcat.TomcatWebServer  : Tomcat initialized with port 7015 (http)
2025-10-29T14:59:47.758-05:00  INFO 77607 --- [businessdomain-compra] [           main] o.apache.catalina.core.StandardService   : Starting service [Tomcat]
2025-10-29T14:59:47.758-05:00  INFO 77607 --- [businessdomain-compra] [           main] o.apache.catalina.core.StandardEngine    : Starting Servlet engine: [Apache Tomcat/10.1.30]
2025-10-29T14:59:47.784-05:00  INFO 77607 --- [businessdomain-compra] [           main] o.a.c.c.C.[.[localhost].[/compra]        : Initializing Spring embedded WebApplicationContext
2025-10-29T14:59:47.784-05:00  INFO 77607 --- [businessdomain-compra] [           main] w.s.c.ServletWebServerApplicationContext : Root WebApplicationContext: initialization completed in 752 ms
2025-10-29T14:59:47.906-05:00  INFO 77607 --- [businessdomain-compra] [           main] o.hibernate.jpa.internal.util.LogHelper  : HHH000204: Processing PersistenceUnitInfo [name: default]
2025-10-29T14:59:47.946-05:00  INFO 77607 --- [businessdomain-compra] [           main] org.hibernate.Version                    : HHH000412: Hibernate ORM core version 6.5.3.Final
2025-10-29T14:59:47.962-05:00  INFO 77607 --- [businessdomain-compra] [           main] o.h.c.internal.RegionFactoryInitiator    : HHH000026: Second-level cache disabled
2025-10-29T14:59:48.093-05:00  INFO 77607 --- [businessdomain-compra] [           main] o.s.o.j.p.SpringPersistenceUnitInfo      : No LoadTimeWeaver setup: ignoring JPA class transformer
2025-10-29T14:59:48.105-05:00  INFO 77607 --- [businessdomain-compra] [           main] com.zaxxer.hikari.HikariDataSource       : HikariPool-1 - Starting...
2025-10-29T14:59:48.181-05:00  INFO 77607 --- [businessdomain-compra] [           main] com.zaxxer.hikari.pool.HikariPool        : HikariPool-1 - Added connection com.mysql.cj.jdbc.ConnectionImpl@7e20f4e3
2025-10-29T14:59:48.181-05:00  INFO 77607 --- [businessdomain-compra] [           main] com.zaxxer.hikari.HikariDataSource       : HikariPool-1 - Start completed.
2025-10-29T14:59:48.205-05:00  WARN 77607 --- [businessdomain-compra] [           main] org.hibernate.orm.deprecation            : HHH90000025: MySQL8Dialect does not need to be specified explicitly using 'hibernate.dialect' (remove the property setting and it will be selected by default)
2025-10-29T14:59:48.205-05:00  WARN 77607 --- [businessdomain-compra] [           main] org.hibernate.orm.deprecation            : HHH90000026: MySQL8Dialect has been deprecated; use org.hibernate.dialect.MySQLDialect instead
2025-10-29T14:59:48.605-05:00  INFO 77607 --- [businessdomain-compra] [           main] o.h.e.t.j.p.i.JtaPlatformInitiator       : HHH000489: No JTA platform available (set 'hibernate.transaction.jta.platform' to enable JTA platform integration)
2025-10-29T14:59:48.675-05:00  INFO 77607 --- [businessdomain-compra] [           main] j.LocalContainerEntityManagerFactoryBean : Initialized JPA EntityManagerFactory for persistence unit 'default'
2025-10-29T14:59:48.831-05:00  INFO 77607 --- [businessdomain-compra] [           main] o.s.d.j.r.query.QueryEnhancerFactory     : Hibernate is in classpath; If applicable, HQL parser will be used.
2025-10-29T14:59:49.360-05:00  INFO 77607 --- [businessdomain-compra] [           main] o.s.b.a.e.web.EndpointLinksResolver      : Exposing 14 endpoints beneath base path '/actuator'
2025-10-29T14:59:49.432-05:00 ERROR 77607 --- [businessdomain-compra] [           main] i.n.r.d.DnsServerAddressStreamProviders  : Unable to load io.netty.resolver.dns.macos.MacOSDnsServerAddressStreamProvider, fallback to system defaults. This may result in incorrect DNS resolutions on MacOS. Check whether you have a dependency on 'io.netty:netty-resolver-dns-native-macos'. Use DEBUG level to see the full stack: java.lang.UnsatisfiedLinkError: failed to load the required native library
2025-10-29T14:59:49.439-05:00  INFO 77607 --- [businessdomain-compra] [           main] o.s.b.w.embedded.tomcat.TomcatWebServer  : Tomcat started on port 7015 (http) with context path '/compra'
2025-10-29T14:59:49.447-05:00  INFO 77607 --- [businessdomain-compra] [           main] p.c.f.compra.CompraApplication           : Started CompraApplication in 2.574 seconds (process running for 2.718)
