[INFO] Scanning for projects...
[WARNING] 
[WARNING] Some problems were encountered while building the effective model for pe.com.farmaciadey:appgw:jar:1.0.0
[WARNING] 'build.plugins.plugin.version' for org.springframework.boot:spring-boot-maven-plugin is missing. @ line 51, column 15
[WARNING] 
[WARNING] Some problems were encountered while building the effective model for pe.com.farmaciadey:auth:jar:0.0.1
[WARNING] 'dependencies.dependency.(groupId:artifactId:type:classifier)' must be unique: org.springframework.boot:spring-boot-starter-test:jar -> duplicate declaration of version (?) @ line 101, column 15
[WARNING] 'dependencies.dependency.(groupId:artifactId:type:classifier)' must be unique: com.h2database:h2:jar -> duplicate declaration of version (?) @ line 123, column 15
[WARNING] 
[WARNING] Some problems were encountered while building the effective model for pe.com.farmaciadey:metodopago:jar:0.0.1
[WARNING] 'dependencies.dependency.(groupId:artifactId:type:classifier)' must be unique: org.springframework.boot:spring-boot-starter-test:jar -> duplicate declaration of version (?) @ line 85, column 21
[WARNING] 'dependencies.dependency.(groupId:artifactId:type:classifier)' must be unique: com.h2database:h2:jar -> duplicate declaration of version (?) @ line 107, column 15
[WARNING] 
[WARNING] Some problems were encountered while building the effective model for pe.com.farmaciadey:producto:jar:0.0.1
[WARNING] 'dependencies.dependency.(groupId:artifactId:type:classifier)' must be unique: org.springframework.boot:spring-boot-starter-test:jar -> duplicate declaration of version (?) @ line 85, column 19
[WARNING] 'dependencies.dependency.(groupId:artifactId:type:classifier)' must be unique: com.h2database:h2:jar -> duplicate declaration of version (?) @ line 107, column 15
[WARNING] 
[WARNING] Some problems were encountered while building the effective model for pe.com.farmaciadey:usuario:jar:0.0.1
[WARNING] 'dependencies.dependency.(groupId:artifactId:type:classifier)' must be unique: org.springframework.boot:spring-boot-starter-test:jar -> duplicate declaration of version (?) @ line 90, column 15
[WARNING] 'dependencies.dependency.(groupId:artifactId:type:classifier)' must be unique: com.h2database:h2:jar -> duplicate declaration of version (?) @ line 112, column 15
[WARNING] 
[WARNING] It is highly recommended to fix these problems because they threaten the stability of your build.
[WARNING] 
[WARNING] For this reason, future Maven versions might no longer support building such malformed projects.
[WARNING] 
[INFO] 
[INFO] ----------------------< pe.com.farmaciadey:appgw >----------------------
[INFO] Building appgw 1.0.0
[INFO]   from pom.xml
[INFO] --------------------------------[ jar ]---------------------------------
[INFO] 
[INFO] >>> spring-boot:4.0.0-RC1:run (default-cli) > test-compile @ appgw >>>
[INFO] 
[INFO] --- jacoco:0.8.12:prepare-agent (default) @ appgw ---
[INFO] argLine set to "-javaagent:/Users/pablohuerta/.m2/repository/org/jacoco/org.jacoco.agent/0.8.12/org.jacoco.agent-0.8.12-runtime.jar=destfile=/Users/pablohuerta/Documents/UTP/Ciclo_09/Integrador II/services-farmacia/farmaciadeyparent/businessdomain/appgw/target/jacoco.exec"
[INFO] 
[INFO] --- resources:3.3.1:resources (default-resources) @ appgw ---
[INFO] Copying 1 resource from src/main/resources to target/classes
[INFO] 
[INFO] --- compiler:3.11.0:compile (default-compile) @ appgw ---
[INFO] Nothing to compile - all classes are up to date
[INFO] 
[INFO] --- resources:3.3.1:testResources (default-testResources) @ appgw ---
[INFO] skip non existing resourceDirectory /Users/pablohuerta/Documents/UTP/Ciclo_09/Integrador II/services-farmacia/farmaciadeyparent/businessdomain/appgw/src/test/resources
[INFO] 
[INFO] --- compiler:3.11.0:testCompile (default-testCompile) @ appgw ---
[INFO] No sources to compile
[INFO] 
[INFO] <<< spring-boot:4.0.0-RC1:run (default-cli) < test-compile @ appgw <<<
[INFO] 
[INFO] 
[INFO] --- spring-boot:4.0.0-RC1:run (default-cli) @ appgw ---
[INFO] Attaching agents: []

  .   ____          _            __ _ _
 /\\ / ___'_ __ _ _(_)_ __  __ _ \ \ \ \
( ( )\___ | '_ | '_| | '_ \/ _` | \ \ \ \
 \\/  ___)| |_)| | | | | || (_| |  ) ) ) )
  '  |____| .__|_| |_|_| |_\__, | / / / /
 =========|_|==============|___/=/_/_/_/

 :: Spring Boot ::                (v3.5.6)

2025-10-29T15:03:04.861-05:00  INFO 80892 --- [appgw] [           main] p.c.f.appgw.AppGatewayApplication        : Starting AppGatewayApplication using Java 21.0.7 with PID 80892 (/Users/pablohuerta/Documents/UTP/Ciclo_09/Integrador II/services-farmacia/farmaciadeyparent/businessdomain/appgw/target/classes started by pablohuerta in /Users/pablohuerta/Documents/UTP/Ciclo_09/Integrador II/services-farmacia/farmaciadeyparent/businessdomain/appgw)
2025-10-29T15:03:04.862-05:00  INFO 80892 --- [appgw] [           main] p.c.f.appgw.AppGatewayApplication        : No active profile set, falling back to 1 default profile: "default"
2025-10-29T15:03:05.216-05:00  INFO 80892 --- [appgw] [           main] o.s.cloud.context.scope.GenericScope     : BeanFactory id=f042728a-aa6c-3182-b887-ee140a903e38
2025-10-29T15:03:05.504-05:00  INFO 80892 --- [appgw] [           main] o.s.c.g.r.RouteDefinitionRouteLocator    : Loaded RoutePredicateFactory [After]
2025-10-29T15:03:05.504-05:00  INFO 80892 --- [appgw] [           main] o.s.c.g.r.RouteDefinitionRouteLocator    : Loaded RoutePredicateFactory [Before]
2025-10-29T15:03:05.504-05:00  INFO 80892 --- [appgw] [           main] o.s.c.g.r.RouteDefinitionRouteLocator    : Loaded RoutePredicateFactory [Between]
2025-10-29T15:03:05.504-05:00  INFO 80892 --- [appgw] [           main] o.s.c.g.r.RouteDefinitionRouteLocator    : Loaded RoutePredicateFactory [Cookie]
2025-10-29T15:03:05.504-05:00  INFO 80892 --- [appgw] [           main] o.s.c.g.r.RouteDefinitionRouteLocator    : Loaded RoutePredicateFactory [Header]
2025-10-29T15:03:05.504-05:00  INFO 80892 --- [appgw] [           main] o.s.c.g.r.RouteDefinitionRouteLocator    : Loaded RoutePredicateFactory [Host]
2025-10-29T15:03:05.504-05:00  INFO 80892 --- [appgw] [           main] o.s.c.g.r.RouteDefinitionRouteLocator    : Loaded RoutePredicateFactory [Method]
2025-10-29T15:03:05.504-05:00  INFO 80892 --- [appgw] [           main] o.s.c.g.r.RouteDefinitionRouteLocator    : Loaded RoutePredicateFactory [Path]
2025-10-29T15:03:05.504-05:00  INFO 80892 --- [appgw] [           main] o.s.c.g.r.RouteDefinitionRouteLocator    : Loaded RoutePredicateFactory [Query]
2025-10-29T15:03:05.504-05:00  INFO 80892 --- [appgw] [           main] o.s.c.g.r.RouteDefinitionRouteLocator    : Loaded RoutePredicateFactory [ReadBody]
2025-10-29T15:03:05.504-05:00  INFO 80892 --- [appgw] [           main] o.s.c.g.r.RouteDefinitionRouteLocator    : Loaded RoutePredicateFactory [RemoteAddr]
2025-10-29T15:03:05.504-05:00  INFO 80892 --- [appgw] [           main] o.s.c.g.r.RouteDefinitionRouteLocator    : Loaded RoutePredicateFactory [XForwardedRemoteAddr]
2025-10-29T15:03:05.505-05:00  INFO 80892 --- [appgw] [           main] o.s.c.g.r.RouteDefinitionRouteLocator    : Loaded RoutePredicateFactory [Weight]
2025-10-29T15:03:05.505-05:00  INFO 80892 --- [appgw] [           main] o.s.c.g.r.RouteDefinitionRouteLocator    : Loaded RoutePredicateFactory [CloudFoundryRouteService]
2025-10-29T15:03:05.584-05:00  INFO 80892 --- [appgw] [           main] o.s.b.a.e.web.EndpointLinksResolver      : Exposing 2 endpoints beneath base path '/actuator'
2025-10-29T15:03:07.780-05:00  WARN 80892 --- [appgw] [           main] onfigReactiveWebServerApplicationContext : Exception encountered during context initialization - cancelling refresh attempt: org.springframework.context.ApplicationContextException: Failed to start bean 'webServerStartStop'
2025-10-29T15:03:07.794-05:00  INFO 80892 -2025-10-29T15:03:31.090-05:00 ERROR 80386 --- [appgw] [ctor-http-nio-3] i.n.r.d.DnsServerAddressStreamProviders  : Unable to load io.netty.resolver.dns.macos.MacOSDnsServerAddressStreamProvider, fallback to system defaults. This may result in incorrect DNS resolutions on MacOS. Check whether you have a dependency on 'io.netty:netty-resolver-dns-native-macos'. Use DEBUG level to see the full stack: java.lang.UnsatisfiedLinkError: failed to load the required native library
ion:

Identify and stop the process that's listening on port 9000 or configure this application to listen on another port.

[INFO] ------------------------------------------------------------------------
[INFO] BUILD FAILURE
[INFO] ------------------------------------------------------------------------
[INFO] Total time:  5.246 s
[INFO] Finished at: 2025-10-29T15:03:08-05:00
[INFO] ------------------------------------------------------------------------
[ERROR] Failed to execute goal org.springframework.boot:spring-boot-maven-plugin:4.0.0-RC1:run (default-cli) on project appgw: Process terminated with exit code: 1 -> [Help 1]
[ERROR] 
[ERROR] To see the full stack trace of the errors, re-run Maven with the -e switch.
[ERROR] Re-run Maven using the -X switch to enable full debug logging.
[ERROR] 
[ERROR] For more information about the errors and possible solutions, please read the following articles:
[ERROR] [Help 1] http://cwiki.apache.org/confluence/display/MAVEN/MojoExecutionException
