[INFO] Scanning for projects...
[WARNING] 
[WARNING] Some problems were encountered while building the effective model for pe.com.farmaciadey:auth:jar:0.0.1
[WARNING] 'dependencies.dependency.(groupId:artifactId:type:classifier)' must be unique: org.springframework.boot:spring-boot-starter-test:jar -> duplicate declaration of version (?) @ line 101, column 15
[WARNING] 'dependencies.dependency.(groupId:artifactId:type:classifier)' must be unique: com.h2database:h2:jar -> duplicate declaration of version (?) @ line 123, column 15
[WARNING] 
[WARNING] Some problems were encountered while building the effective model for pe.com.farmaciadey:metodopago:jar:0.0.1
[WARNING] 'dependencies.dependency.(groupId:artifactId:type:classifier)' must be unique: org.springframework.boot:spring-boot-starter-test:jar -> duplicate declaration of version (?) @ line 85, column 21
[WARNING] 'dependencies.dependency.(groupId:artifactId:type:classifier)' must be unique: com.h2database:h2:jar -> duplicate declaration of version (?) @ line 107, column 15
[WARNING] 
[WARNING] Some problems were encountered while building the effective model for pe.com.farmaciadey:producto:jar:0.0.1
[WARNING] 'dependencies.dependency.(groupId:artifactId:type:classifier)' must be unique: org.springframework.boot:spring-boot-starter-test:jar -> duplicate declaration of version (?) @ line 85, column 19
[WARNING] 'dependencies.dependency.(groupId:artifactId:type:classifier)' must be unique: com.h2database:h2:jar -> duplicate declaration of version (?) @ line 107, column 15
[WARNING] 
[WARNING] Some problems were encountered while building the effective model for pe.com.farmaciadey:usuario:jar:0.0.1
[WARNING] 'dependencies.dependency.(groupId:artifactId:type:classifier)' must be unique: org.springframework.boot:spring-boot-starter-test:jar -> duplicate declaration of version (?) @ line 90, column 15
[WARNING] 'dependencies.dependency.(groupId:artifactId:type:classifier)' must be unique: com.h2database:h2:jar -> duplicate declaration of version (?) @ line 112, column 15
[WARNING] 
[WARNING] It is highly recommended to fix these problems because they threaten the stability of your build.
[WARNING] 
[WARNING] For this reason, future Maven versions might no longer support building such malformed projects.
[WARNING] 
[INFO] 
[INFO] ---------------------< pe.com.farmaciadey:usuario >---------------------
[INFO] Building usuario 0.0.1
[INFO]   from pom.xml
[INFO] --------------------------------[ jar ]---------------------------------
[INFO] 
[INFO] >>> spring-boot:3.5.6:run (default-cli) > test-compile @ usuario >>>
[INFO] 
[INFO] --- jacoco:0.8.12:prepare-agent (default) @ usuario ---
[INFO] argLine set to "-javaagent:/Users/pablohuerta/.m2/repository/org/jacoco/org.jacoco.agent/0.8.12/org.jacoco.agent-0.8.12-runtime.jar=destfile=/Users/pablohuerta/Documents/UTP/Ciclo_09/Integrador II/services-farmacia/farmaciadeyparent/businessdomain/usuario/target/jacoco.exec"
[INFO] 
[INFO] --- resources:3.3.1:resources (default-resources) @ usuario ---
[INFO] Copying 3 resources from src/main/resources to target/classes
[INFO] 
[INFO] --- compiler:3.13.0:compile (default-compile) @ usuario ---
[INFO] Nothing to compile - all classes are up to date.
[INFO] 
[INFO] --- resources:3.3.1:testResources (default-testResources) @ usuario ---
[INFO] skip non existing resourceDirectory /Users/pablohuerta/Documents/UTP/Ciclo_09/Integrador II/services-farmacia/farmaciadeyparent/businessdomain/usuario/src/test/resources
[INFO] 
[INFO] --- compiler:3.13.0:testCompile (default-testCompile) @ usuario ---
[INFO] Nothing to compile - all classes are up to date.
[INFO] 
[INFO] <<< spring-boot:3.5.6:run (default-cli) < test-compile @ usuario <<<
[INFO] 
[INFO] 
[INFO] --- spring-boot:3.5.6:run (default-cli) @ usuario ---
[INFO] Attaching agents: []

  .   ____          _            __ _ _
 /\\ / ___'_ __ _ _(_)_ __  __ _ \ \ \ \
( ( )\___ | '_ | '_| | '_ \/ _` | \ \ \ \
 \\/  ___)| |_)| | | | | || (_| |  ) ) ) )
  '  |____| .__|_| |_|_| |_\__, | / / / /
 =========|_|==============|___/=/_/_/_/

 :: Spring Boot ::                (v3.5.6)

2025-10-29T14:56:43.494-05:00  INFO 76821 --- [businessdomain-usuario] [           main] p.c.f.usuario.UsuarioApplication         : Starting UsuarioApplication using Java 21.0.7 with PID 76821 (/Users/pablohuerta/Documents/UTP/Ciclo_09/Integrador II/services-farmacia/farmaciadeyparent/businessdomain/usuario/target/classes started by pablohuerta in /Users/pablohuerta/Documents/UTP/Ciclo_09/Integrador II/services-farmacia/farmaciadeyparent/businessdomain/usuario)
2025-10-29T14:56:43.495-05:00  INFO 76821 --- [businessdomain-usuario] [           main] p.c.f.usuario.UsuarioApplication         : The following 1 profile is active: "local"
2025-10-29T14:56:43.914-05:00  INFO 76821 --- [businessdomain-usuario] [           main] .s.d.r.c.RepositoryConfigurationDelegate : Bootstrapping Spring Data JPA repositories in DEFAULT mode.
2025-10-29T14:56:43.975-05:00  INFO 76821 --- [businessdomain-usuario] [           main] .s.d.r.c.RepositoryConfigurationDelegate : Finished Spring Data repository scanning in 54 ms. Found 1 JPA repository interface.
2025-10-29T14:56:44.159-05:00  INFO 76821 --- [businessdomain-usuario] [           main] o.s.b.w.embedded.tomcat.TomcatWebServer  : Tomcat initialized with port 7012 (http)
2025-10-29T14:56:44.166-05:00  INFO 76821 --- [businessdomain-usuario] [           main] o.apache.catalina.core.StandardService   : Starting service [Tomcat]
2025-10-29T14:56:44.166-05:00  INFO 76821 --- [businessdomain-usuario] [           main] o.apache.catalina.core.StandardEngine    : Starting Servlet engine: [Apache Tomcat/10.1.46]
2025-10-29T14:56:44.188-05:00  INFO 76821 --- [businessdomain-usuario] [           main] o.a.c.c.C.[.[localhost].[/usuario]       : Initializing Spring embedded WebApplicationContext
2025-10-29T14:56:44.189-05:00  INFO 76821 --- [businessdomain-usuario] [           main] w.s.c.ServletWebServerApplicationContext : Root WebApplicationContext: initialization completed in 678 ms
2025-10-29T14:56:44.287-05:00  INFO 76821 --- [businessdomain-usuario] [           main] o.hibernate.jpa.internal.util.LogHelper  : HHH000204: Processing PersistenceUnitInfo [name: default]
2025-10-29T14:56:44.315-05:00  INFO 76821 --- [businessdomain-usuario] [           main] org.hibernate.Version                    : HHH000412: Hibernate ORM core version 6.6.29.Final
2025-10-29T14:56:44.329-05:00  INFO 76821 --- [businessdomain-usuario] [           main] o.h.c.internal.RegionFactoryInitiator    : HHH000026: Second-level cache disabled
2025-10-29T14:56:44.446-05:00  INFO 76821 --- [businessdomain-usuario] [           main] o.s.o.j.p.SpringPersistenceUnitInfo      : No LoadTimeWeaver setup: ignoring JPA class transformer
2025-10-29T14:56:44.458-05:00  INFO 76821 --- [businessdomain-usuario] [           main] com.zaxxer.hikari.HikariDataSource       : HikariPool-1 - Starting...
2025-10-29T14:56:44.542-05:00  INFO 76821 --- [businessdomain-usuario] [           main] com.zaxxer.hikari.pool.HikariPool        : HikariPool-1 - Added connection com.mysql.cj.jdbc.ConnectionImpl@562f6681
2025-10-29T14:56:44.543-05:00  INFO 76821 --- [businessdomain-usuario] [           main] com.zaxxer.hikari.HikariDataSource       : HikariPool-1 - Start completed.
2025-10-29T14:56:44.567-05:00  WARN 76821 --- [businessdomain-usuario] [           main] org.hibernate.orm.deprecation            : HHH90000025: MySQL8Dialect does not need to be specified explicitly using 'hibernate.dialect' (remove the property setting and it will be selected by default)
2025-10-29T14:56:44.567-05:00  WARN 76821 --- [businessdomain-usuario] [           main] org.hibernate.orm.deprecation            : HHH90000026: MySQL8Dialect has been deprecated; use org.hibernate.dialect.MySQLDialect instead
2025-10-29T14:56:44.573-05:00  INFO 76821 --- [businessdomain-usuario] [           main] org.hibernate.orm.connections.pooling    : HHH10001005: Database info:
	Database JDBC URL [Connecting through datasource 'HikariDataSource (HikariPool-1)']
	Database driver: undefined/unknown
	Database version: 8.0
	Autocommit mode: undefined/unknown
	Isolation level: undefined/unknown
	Minimum pool size: undefined/unknown
	Maximum pool size: undefined/unknown
2025-10-29T14:56:44.897-05:00  INFO 76821 --- [businessdomain-usuario] [           main] o.h.e.t.j.p.i.JtaPlatformInitiator       : HHH000489: No JTA platform available (set 'hibernate.transaction.jta.platform' to enable JTA platform integration)
2025-10-29T14:56:44.941-05:00  INFO 76821 --- [businessdomain-usuario] [           main] j.LocalContainerEntityManagerFactoryBean : Initialized JPA EntityManagerFactory for persistence unit 'default'
2025-10-29T14:56:45.067-05:00  INFO 76821 --- [businessdomain-usuario] [           main] o.s.d.j.r.query.QueryEnhancerFactory     : Hibernate is in classpath; If applicable, HQL parser will be used.
2025-10-29T14:56:45.554-05:00  INFO 76821 --- [businessdomain-usuario] [           main] o.s.b.a.e.web.EndpointLinksResolver      : Exposing 13 endpoints beneath base path '/actuator'
2025-10-29T14:56:45.611-05:00  INFO 76821 --- [businessdomain-usuario] [           main] o.s.b.w.embedded.tomcat.TomcatWebServer  : Tomcat started on port 7012 (http) with context path '/usuario'
2025-10-29T14:56:45.620-05:00  INFO 76821 --- [businessdomain-usuario] [           main] p.c.f.usuario.UsuarioApplication         : Started UsuarioApplication in 2.289 seconds (process running for 2.426)
